
Discarded input sections

 .text          0x00000000        0x0 build/main.o
 .data          0x00000000        0x0 build/main.o
 .bss           0x00000000        0x0 build/main.o
 .data          0x00000000        0x0 build/startup.o
 .bss           0x00000000        0x0 build/startup.o

Memory Configuration

Name             Origin             Length             Attributes
FLASH            0x08000000         0x00010000         xr
RAM              0x20000000         0x00005000         xrw
*default*        0x00000000         0xffffffff

Linker script and memory map

LOAD build/main.o
LOAD build/startup.o
LOAD /usr/lib/gcc/arm-none-eabi/13.2.1/thumb/v7-m/nofp/libgcc.a
                0x20005000                        _estack = (ORIGIN (RAM) + LENGTH (RAM))

.isr_vector     0x08000000       0xec
                0x08000000                        . = ALIGN (0x4)
 *(.isr_vector)
 .isr_vector    0x08000000       0xec build/startup.o
                0x080000ec                        . = ALIGN (0x4)

.text           0x080000ec       0x94
                0x080000ec                        . = ALIGN (0x4)
 *(.text)
 .text          0x080000ec       0x44 build/startup.o
                0x080000ec                EXTI2_IRQHandler
                0x080000ec                DebugMon_Handler
                0x080000ec                TIM1_CC_IRQHandler
                0x080000ec                HardFault_Handler
                0x080000ec                SysTick_Handler
                0x080000ec                PVD_IRQHandler
                0x080000ec                PendSV_Handler
                0x080000ec                NMI_Handler
                0x080000ec                EXTI3_IRQHandler
                0x080000ec                EXTI0_IRQHandler
                0x080000ec                I2C2_EV_IRQHandler
                0x080000ec                UsageFault_Handler
                0x080000ec                ADC1_2_IRQHandler
                0x080000ec                SPI1_IRQHandler
                0x080000ec                TAMPER_IRQHandler
                0x080000ec                DMA1_Channel4_IRQHandler
                0x080000ec                USART3_IRQHandler
                0x080000ec                RTC_IRQHandler
                0x080000ec                DMA1_Channel7_IRQHandler
                0x080000ec                CAN1_RX1_IRQHandler
                0x080000ec                TIM4_IRQHandler
                0x080000ec                I2C1_EV_IRQHandler
                0x080000ec                DMA1_Channel6_IRQHandler
                0x080000ec                TIM3_IRQHandler
                0x080000ec                RCC_IRQHandler
                0x080000ec                TIM1_TRG_COM_IRQHandler
                0x080000ec                DMA1_Channel1_IRQHandler
                0x080000ec                EXTI15_10_IRQHandler
                0x080000ec                EXTI9_5_IRQHandler
                0x080000ec                SPI2_IRQHandler
                0x080000ec                MemManage_Handler
                0x080000ec                SVC_Handler
                0x080000ec                DMA1_Channel5_IRQHandler
                0x080000ec                EXTI4_IRQHandler
                0x080000ec                USB_LP_CAN1_RX0_IRQHandler
                0x080000ec                USB_HP_CAN1_TX_IRQHandler
                0x080000ec                DMA1_Channel3_IRQHandler
                0x080000ec                TIM1_UP_IRQHandler
                0x080000ec                WWDG_IRQHandler
                0x080000ec                TIM2_IRQHandler
                0x080000ec                TIM1_BRK_IRQHandler
                0x080000ec                EXTI1_IRQHandler
                0x080000ec                RTCAlarm_IRQHandler
                0x080000ec                USART2_IRQHandler
                0x080000ec                I2C2_ER_IRQHandler
                0x080000ec                DMA1_Channel2_IRQHandler
                0x080000ec                CAN1_SCE_IRQHandler
                0x080000ec                FLASH_IRQHandler
                0x080000ec                BusFault_Handler
                0x080000ec                USART1_IRQHandler
                0x080000ec                I2C1_ER_IRQHandler
                0x080000ec                USBWakeUp_IRQHandler
                0x080000ee                Reset_Handler
 *(.text*)
 .text.delay    0x08000130       0x12 build/main.o
                0x08000130                delay
 *fill*         0x08000142        0x2 
 .text.main     0x08000144       0x3c build/main.o
                0x08000144                main
 *(.rodata)
 *(.rodata*)
                0x08000180                        . = ALIGN (0x4)
                0x08000180                        _etext = .
                0x08000180                        _sidata = LOADADDR (.data)

.glue_7         0x08000180        0x0
 .glue_7        0x08000180        0x0 linker stubs

.glue_7t        0x08000180        0x0
 .glue_7t       0x08000180        0x0 linker stubs

.vfp11_veneer   0x08000180        0x0
 .vfp11_veneer  0x08000180        0x0 linker stubs

.v4_bx          0x08000180        0x0
 .v4_bx         0x08000180        0x0 linker stubs

.iplt           0x08000180        0x0
 .iplt          0x08000180        0x0 build/main.o

.rel.dyn        0x08000180        0x0
 .rel.iplt      0x08000180        0x0 build/main.o

.data           0x20000000        0x0 load address 0x08000180
                0x20000000                        . = ALIGN (0x4)
                0x20000000                        _sdata = .
 *(.data)
 *(.data*)
                0x20000000                        . = ALIGN (0x4)
                0x20000000                        _edata = .

.igot.plt       0x20000000        0x0 load address 0x08000180
 .igot.plt      0x20000000        0x0 build/main.o

.bss            0x20000000        0x0 load address 0x08000180
                0x20000000                        . = ALIGN (0x4)
                0x20000000                        _sbss = .
 *(.bss)
 *(.bss*)
 *(COMMON)
                0x20000000                        . = ALIGN (0x4)
                0x20000000                        _ebss = .
OUTPUT(build/gpio_led.elf elf32-littlearm)
LOAD linker stubs

.debug_info     0x00000000      0x145
 .debug_info    0x00000000      0x145 build/main.o

.debug_abbrev   0x00000000      0x109
 .debug_abbrev  0x00000000      0x109 build/main.o

.debug_loc      0x00000000       0x4c
 .debug_loc     0x00000000       0x4c build/main.o

.debug_aranges  0x00000000       0x28
 .debug_aranges
                0x00000000       0x28 build/main.o

.debug_ranges   0x00000000       0x18
 .debug_ranges  0x00000000       0x18 build/main.o

.debug_line     0x00000000       0x84
 .debug_line    0x00000000       0x84 build/main.o

.debug_str      0x00000000      0x103
 .debug_str     0x00000000      0x103 build/main.o

.comment        0x00000000       0x26
 .comment       0x00000000       0x26 build/main.o
                                 0x27 (size before relaxing)

.ARM.attributes
                0x00000000       0x2b
 .ARM.attributes
                0x00000000       0x2d build/main.o
 .ARM.attributes
                0x0000002d       0x21 build/startup.o

.debug_frame    0x00000000       0x40
 .debug_frame   0x00000000       0x40 build/main.o

Cross Reference Table

Symbol                                            File
ADC1_2_IRQHandler                                 build/startup.o
BusFault_Handler                                  build/startup.o
CAN1_RX1_IRQHandler                               build/startup.o
CAN1_SCE_IRQHandler                               build/startup.o
DMA1_Channel1_IRQHandler                          build/startup.o
DMA1_Channel2_IRQHandler                          build/startup.o
DMA1_Channel3_IRQHandler                          build/startup.o
DMA1_Channel4_IRQHandler                          build/startup.o
DMA1_Channel5_IRQHandler                          build/startup.o
DMA1_Channel6_IRQHandler                          build/startup.o
DMA1_Channel7_IRQHandler                          build/startup.o
DebugMon_Handler                                  build/startup.o
EXTI0_IRQHandler                                  build/startup.o
EXTI15_10_IRQHandler                              build/startup.o
EXTI1_IRQHandler                                  build/startup.o
EXTI2_IRQHandler                                  build/startup.o
EXTI3_IRQHandler                                  build/startup.o
EXTI4_IRQHandler                                  build/startup.o
EXTI9_5_IRQHandler                                build/startup.o
FLASH_IRQHandler                                  build/startup.o
HardFault_Handler                                 build/startup.o
I2C1_ER_IRQHandler                                build/startup.o
I2C1_EV_IRQHandler                                build/startup.o
I2C2_ER_IRQHandler                                build/startup.o
I2C2_EV_IRQHandler                                build/startup.o
MemManage_Handler                                 build/startup.o
NMI_Handler                                       build/startup.o
PVD_IRQHandler                                    build/startup.o
PendSV_Handler                                    build/startup.o
RCC_IRQHandler                                    build/startup.o
RTCAlarm_IRQHandler                               build/startup.o
RTC_IRQHandler                                    build/startup.o
Reset_Handler                                     build/startup.o
SPI1_IRQHandler                                   build/startup.o
SPI2_IRQHandler                                   build/startup.o
SVC_Handler                                       build/startup.o
SysTick_Handler                                   build/startup.o
TAMPER_IRQHandler                                 build/startup.o
TIM1_BRK_IRQHandler                               build/startup.o
TIM1_CC_IRQHandler                                build/startup.o
TIM1_TRG_COM_IRQHandler                           build/startup.o
TIM1_UP_IRQHandler                                build/startup.o
TIM2_IRQHandler                                   build/startup.o
TIM3_IRQHandler                                   build/startup.o
TIM4_IRQHandler                                   build/startup.o
USART1_IRQHandler                                 build/startup.o
USART2_IRQHandler                                 build/startup.o
USART3_IRQHandler                                 build/startup.o
USBWakeUp_IRQHandler                              build/startup.o
USB_HP_CAN1_TX_IRQHandler                         build/startup.o
USB_LP_CAN1_RX0_IRQHandler                        build/startup.o
UsageFault_Handler                                build/startup.o
WWDG_IRQHandler                                   build/startup.o
_ebss                                             build/startup.o
_edata                                            build/startup.o
_estack                                           build/startup.o
_sbss                                             build/startup.o
_sdata                                            build/startup.o
_sidata                                           build/startup.o
delay                                             build/main.o
main                                              build/main.o
                                                  build/startup.o
