
Discarded input sections

 .group         0x00000000        0xc build/main.o
 .group         0x00000000        0xc build/main.o
 .group         0x00000000        0xc build/main.o

Memory Configuration

Name             Origin             Length             Attributes
FLASH            0x08000000         0x00010000         xr
RAM              0x20000000         0x00005000         xrw
*default*        0x00000000         0xffffffff

Linker script and memory map

LOAD build/main.o
LOAD build/startup.o
LOAD /usr/lib/gcc/arm-none-eabi/13.2.1/thumb/v7-m/nofp/libgcc.a
                0x20005000                        _estack = (ORIGIN (RAM) + LENGTH (RAM))
                0x00000400                        __Stack_Size = 0x400
                0x20004c00                        __Stack_Limit = (_estack - __Stack_Size)
                0x00000000                        __Heap_Size = 0x0
                0x20004c00                        _end = (__Stack_Limit - __Heap_Size)

.isr_vector     0x08000000       0xec
                0x08000000                        . = ALIGN (0x4)
 *(.isr_vector)
 .isr_vector    0x08000000       0xec build/startup.o
                0x08000000                g_pfnVectors
                0x080000ec                        . = ALIGN (0x4)

.text           0x080000ec       0xec
                0x080000ec                        . = ALIGN (0x4)
 *(.text)
 .text          0x080000ec       0xa8 build/main.o
                0x08000152                SysTick_Handler
                0x08000160                main
 .text          0x08000194        0x0 build/startup.o
 *(.text*)
 .text.Default_Handler
                0x08000194        0x2 build/startup.o
                0x08000194                EXTI2_IRQHandler
                0x08000194                DebugMon_Handler
                0x08000194                TIM1_CC_IRQHandler
                0x08000194                HardFault_Handler
                0x08000194                PVD_IRQHandler
                0x08000194                PendSV_Handler
                0x08000194                NMI_Handler
                0x08000194                EXTI3_IRQHandler
                0x08000194                EXTI0_IRQHandler
                0x08000194                I2C2_EV_IRQHandler
                0x08000194                UsageFault_Handler
                0x08000194                ADC1_2_IRQHandler
                0x08000194                SPI1_IRQHandler
                0x08000194                TAMPER_IRQHandler
                0x08000194                DMA1_Channel4_IRQHandler
                0x08000194                USART3_IRQHandler
                0x08000194                RTC_IRQHandler
                0x08000194                DMA1_Channel7_IRQHandler
                0x08000194                CAN1_RX1_IRQHandler
                0x08000194                TIM4_IRQHandler
                0x08000194                I2C1_EV_IRQHandler
                0x08000194                DMA1_Channel6_IRQHandler
                0x08000194                TIM3_IRQHandler
                0x08000194                RCC_IRQHandler
                0x08000194                TIM1_TRG_COM_IRQHandler
                0x08000194                DMA1_Channel1_IRQHandler
                0x08000194                Default_Handler
                0x08000194                EXTI15_10_IRQHandler
                0x08000194                EXTI9_5_IRQHandler
                0x08000194                SPI2_IRQHandler
                0x08000194                MemManage_Handler
                0x08000194                SVC_Handler
                0x08000194                DMA1_Channel5_IRQHandler
                0x08000194                EXTI4_IRQHandler
                0x08000194                USB_LP_CAN1_RX0_IRQHandler
                0x08000194                USB_HP_CAN1_TX_IRQHandler
                0x08000194                DMA1_Channel3_IRQHandler
                0x08000194                TIM1_UP_IRQHandler
                0x08000194                WWDG_IRQHandler
                0x08000194                TIM2_IRQHandler
                0x08000194                TIM1_BRK_IRQHandler
                0x08000194                EXTI1_IRQHandler
                0x08000194                RTCAlarm_IRQHandler
                0x08000194                USART2_IRQHandler
                0x08000194                I2C2_ER_IRQHandler
                0x08000194                DMA1_Channel2_IRQHandler
                0x08000194                CAN1_SCE_IRQHandler
                0x08000194                FLASH_IRQHandler
                0x08000194                BusFault_Handler
                0x08000194                USART1_IRQHandler
                0x08000194                I2C1_ER_IRQHandler
                0x08000194                USBWakeUp_IRQHandler
 *fill*         0x08000196        0x2 
 .text.Reset_Handler
                0x08000198       0x40 build/startup.o
                0x08000198                Reset_Handler
 *(.glue_7)
 .glue_7        0x080001d8        0x0 linker stubs
 *(.glue_7t)
 .glue_7t       0x080001d8        0x0 linker stubs
 *(.eh_frame)
 *(.init)
 *(.fini)
                0x080001d8                        . = ALIGN (0x4)
                0x080001d8                        _etext = .

.vfp11_veneer   0x080001d8        0x0
 .vfp11_veneer  0x080001d8        0x0 linker stubs

.v4_bx          0x080001d8        0x0
 .v4_bx         0x080001d8        0x0 linker stubs

.iplt           0x080001d8        0x0
 .iplt          0x080001d8        0x0 build/main.o

.rodata         0x080001d8        0x4
                0x080001d8                        . = ALIGN (0x4)
 *(.rodata)
 *(.rodata*)
 .rodata.g_rodata_mark
                0x080001d8        0x4 build/main.o
                0x080001d8                g_rodata_mark
                0x080001dc                        . = ALIGN (0x4)

.rel.dyn        0x080001dc        0x0
 .rel.iplt      0x080001dc        0x0 build/main.o

.ARM.extab
 *(.ARM.extab* .gnu.linkonce.armextab.*)

.ARM            0x080001dc        0x0
                0x080001dc                        __exidx_start = .
 *(.ARM.exidx*)
                0x080001dc                        __exidx_end = .

.preinit_array  0x080001dc        0x0
                [!provide]                        PROVIDE (__preinit_array_start = .)
 *(.preinit_array*)
                [!provide]                        PROVIDE (__preinit_array_end = .)

.init_array     0x080001dc        0x0
                [!provide]                        PROVIDE (__init_array_start = .)
 *(SORT_BY_NAME(.init_array.*))
 *(.init_array*)
                [!provide]                        PROVIDE (__init_array_end = .)

.fini_array     0x080001dc        0x0
                [!provide]                        PROVIDE (__fini_array_start = .)
 *(SORT_BY_NAME(.fini_array.*))
 *(.fini_array*)
                [!provide]                        PROVIDE (__fini_array_end = .)
                0x080001dc                        _sidata = LOADADDR (.data)

.data           0x20000000        0x8 load address 0x080001dc
                0x20000000                        . = ALIGN (0x4)
                0x20000000                        _sdata = .
 *(.data)
 .data          0x20000000        0x0 build/main.o
 .data          0x20000000        0x0 build/startup.o
 *(.data*)
 .data.g_data_counter
                0x20000000        0x4 build/main.o
                0x20000000                g_data_counter
 .data.g_data_magic
                0x20000004        0x4 build/main.o
                0x20000004                g_data_magic
                0x20000008                        . = ALIGN (0x4)
                0x20000008                        _edata = .

.igot.plt       0x20000008        0x0 load address 0x080001e4
 .igot.plt      0x20000008        0x0 build/main.o

.bss            0x20000008        0xc load address 0x080001e4
                0x20000008                        . = ALIGN (0x4)
                0x20000008                        _sbss = .
 *(.bss)
 .bss           0x20000008        0x0 build/main.o
 .bss           0x20000008        0x0 build/startup.o
 *(.bss*)
 .bss.g_systick_count
                0x20000008        0x4 build/main.o
                0x20000008                g_systick_count
 .bss.g_bss_another
                0x2000000c        0x4 build/main.o
                0x2000000c                g_bss_another
 .bss.g_bss_uninit
                0x20000010        0x4 build/main.o
                0x20000010                g_bss_uninit
 *(COMMON)
                0x20000014                        . = ALIGN (0x4)
                0x20000014                        _ebss = .

._user_heap_stack
                0x20000014      0x404 load address 0x080001e4
                0x20000018                        . = ALIGN (0x8)
 *fill*         0x20000014        0x4 
                [!provide]                        PROVIDE (end = .)
                [!provide]                        PROVIDE (_end = .)
                0x20000018                        . = (. + __Heap_Size)
                0x20000418                        . = (. + __Stack_Size)
 *fill*         0x20000018      0x400 
                0x20000418                        . = ALIGN (0x8)

.debug_info     0x00000000      0x28f
 *(.debug_info .gnu.linkonce.wi.*)
 .debug_info    0x00000000      0x28f build/main.o

.debug_abbrev   0x00000000      0x169
 *(.debug_abbrev)
 .debug_abbrev  0x00000000      0x169 build/main.o

.debug_line     0x00000000      0x152
 *(.debug_line .debug_line.* .debug_line_end)
 .debug_line    0x00000000      0x152 build/main.o

.debug_frame    0x00000000       0x68
 *(.debug_frame)
 .debug_frame   0x00000000       0x68 build/main.o

.debug_str      0x00000000     0x3e75
 *(.debug_str)
 .debug_str     0x00000000     0x3e75 build/main.o
                               0x3fd8 (size before relaxing)

.debug_loc      0x00000000       0x5f
 *(.debug_loc)
 .debug_loc     0x00000000       0x5f build/main.o

.debug_macinfo
 *(.debug_macinfo)

.debug_ranges
 *(.debug_ranges)

/DISCARD/
 libc.a(*)
 libm.a(*)
 libgcc.a(*)

.ARM.attributes
                0x00000000       0x2b
 *(.ARM.attributes)
 .ARM.attributes
                0x00000000       0x2d build/main.o
 .ARM.attributes
                0x0000002d       0x21 build/startup.o
                [!provide]                        PROVIDE (__stack = _estack)
                [!provide]                        PROVIDE (__stack_limit = __Stack_Limit)
OUTPUT(build/startup_analysis.elf elf32-littlearm)
LOAD linker stubs
LOAD /usr/lib/gcc/arm-none-eabi/13.2.1/../../../arm-none-eabi/lib/thumb/v7-m/nofp/libc.a
LOAD /usr/lib/gcc/arm-none-eabi/13.2.1/../../../arm-none-eabi/lib/thumb/v7-m/nofp/libm.a
LOAD /usr/lib/gcc/arm-none-eabi/13.2.1/thumb/v7-m/nofp/libgcc.a

.debug_aranges  0x00000000       0x20
 .debug_aranges
                0x00000000       0x20 build/main.o

.debug_macro    0x00000000      0xf97
 .debug_macro   0x00000000      0x173 build/main.o
 .debug_macro   0x00000173      0xab4 build/main.o
 .debug_macro   0x00000c27      0x34e build/main.o
 .debug_macro   0x00000f75       0x22 build/main.o

.comment        0x00000000       0x26
 .comment       0x00000000       0x26 build/main.o
                                 0x27 (size before relaxing)

Cross Reference Table

Symbol                                            File
ADC1_2_IRQHandler                                 build/startup.o
BusFault_Handler                                  build/startup.o
CAN1_RX1_IRQHandler                               build/startup.o
CAN1_SCE_IRQHandler                               build/startup.o
DMA1_Channel1_IRQHandler                          build/startup.o
DMA1_Channel2_IRQHandler                          build/startup.o
DMA1_Channel3_IRQHandler                          build/startup.o
DMA1_Channel4_IRQHandler                          build/startup.o
DMA1_Channel5_IRQHandler                          build/startup.o
DMA1_Channel6_IRQHandler                          build/startup.o
DMA1_Channel7_IRQHandler                          build/startup.o
DebugMon_Handler                                  build/startup.o
Default_Handler                                   build/startup.o
EXTI0_IRQHandler                                  build/startup.o
EXTI15_10_IRQHandler                              build/startup.o
EXTI1_IRQHandler                                  build/startup.o
EXTI2_IRQHandler                                  build/startup.o
EXTI3_IRQHandler                                  build/startup.o
EXTI4_IRQHandler                                  build/startup.o
EXTI9_5_IRQHandler                                build/startup.o
FLASH_IRQHandler                                  build/startup.o
HardFault_Handler                                 build/startup.o
I2C1_ER_IRQHandler                                build/startup.o
I2C1_EV_IRQHandler                                build/startup.o
I2C2_ER_IRQHandler                                build/startup.o
I2C2_EV_IRQHandler                                build/startup.o
MemManage_Handler                                 build/startup.o
NMI_Handler                                       build/startup.o
PVD_IRQHandler                                    build/startup.o
PendSV_Handler                                    build/startup.o
RCC_IRQHandler                                    build/startup.o
RTCAlarm_IRQHandler                               build/startup.o
RTC_IRQHandler                                    build/startup.o
Reset_Handler                                     build/startup.o
SPI1_IRQHandler                                   build/startup.o
SPI2_IRQHandler                                   build/startup.o
SVC_Handler                                       build/startup.o
SysTick_Handler                                   build/main.o
TAMPER_IRQHandler                                 build/startup.o
TIM1_BRK_IRQHandler                               build/startup.o
TIM1_CC_IRQHandler                                build/startup.o
TIM1_TRG_COM_IRQHandler                           build/startup.o
TIM1_UP_IRQHandler                                build/startup.o
TIM2_IRQHandler                                   build/startup.o
TIM3_IRQHandler                                   build/startup.o
TIM4_IRQHandler                                   build/startup.o
USART1_IRQHandler                                 build/startup.o
USART2_IRQHandler                                 build/startup.o
USART3_IRQHandler                                 build/startup.o
USBWakeUp_IRQHandler                              build/startup.o
USB_HP_CAN1_TX_IRQHandler                         build/startup.o
USB_LP_CAN1_RX0_IRQHandler                        build/startup.o
UsageFault_Handler                                build/startup.o
WWDG_IRQHandler                                   build/startup.o
_ebss                                             build/startup.o
_edata                                            build/startup.o
_estack                                           build/startup.o
_sbss                                             build/startup.o
_sdata                                            build/startup.o
_sidata                                           build/startup.o
g_bss_another                                     build/main.o
g_bss_uninit                                      build/main.o
g_data_counter                                    build/main.o
g_data_magic                                      build/main.o
g_pfnVectors                                      build/startup.o
g_rodata_mark                                     build/main.o
g_systick_count                                   build/main.o
main                                              build/main.o
                                                  build/startup.o
